[
  {
    "scenario_id": "scn-001",
    "property_id": "s-1",
    "as_of": "2025-03-01",
    "noistab": 431760.0,
    "cap_rate_low": 0.06,
    "cap_rate_base": 0.065,
    "cap_rate_high": 0.07,
    "value_low": 4760652.514992402,
    "value_base": 5278467.536357962,
    "value_high": 5899205.022067578,
    "yoc_base": 0.12336,
    "irr_5yr_low": 0.19892177527127453,
    "irr_5yr_base": 0.21294043661541703,
    "irr_5yr_high": 0.22845036159111343,
    "dscr_proxy": 1.3,
    "insurance_uplift": 250.0,
    "utilities_scaler": 1.05,
    "aker_fit": 74,
    "deal_quality": 36,
    "sensitivity_matrix": [
      {"rent_multiplier": 0.95, "cap_rate_shift": -0.005, "insurance_multiplier": 0.8, "value": 5174086.135512475},
      {"rent_multiplier": 0.95, "cap_rate_shift": -0.005, "insurance_multiplier": 1.0, "value": 5157189.895375654},
      {"rent_multiplier": 0.95, "cap_rate_shift": -0.005, "insurance_multiplier": 1.2, "value": 5140293.655238835},
      {"rent_multiplier": 0.95, "cap_rate_shift": 0.0, "insurance_multiplier": 0.8, "value": 4964665.034500366},
      {"rent_multiplier": 0.95, "cap_rate_shift": 0.0, "insurance_multiplier": 1.0, "value": 4948462.842245603},
      {"rent_multiplier": 0.95, "cap_rate_shift": 0.0, "insurance_multiplier": 1.2, "value": 4932260.649990842},
      {"rent_multiplier": 0.95, "cap_rate_shift": 0.005, "insurance_multiplier": 0.8, "value": 4785161.233632844},
      {"rent_multiplier": 0.95, "cap_rate_shift": 0.005, "insurance_multiplier": 1.0, "value": 4769553.939562703},
      {"rent_multiplier": 0.95, "cap_rate_shift": 0.005, "insurance_multiplier": 1.2, "value": 4753946.645492561},
      {"rent_multiplier": 1.0, "cap_rate_shift": -0.005, "insurance_multiplier": 0.8, "value": 5518192.747049218},
      {"rent_multiplier": 1.0, "cap_rate_shift": -0.005, "insurance_multiplier": 1.0, "value": 5501296.506912397},
      {"rent_multiplier": 1.0, "cap_rate_shift": -0.005, "insurance_multiplier": 1.2, "value": 5484400.266775577},
      {"rent_multiplier": 1.0, "cap_rate_shift": 0.0, "insurance_multiplier": 0.8, "value": 5294669.728612725},
      {"rent_multiplier": 1.0, "cap_rate_shift": 0.0, "insurance_multiplier": 1.0, "value": 5278467.536357962},
      {"rent_multiplier": 1.0, "cap_rate_shift": 0.0, "insurance_multiplier": 1.2, "value": 5262265.3441032},
      {"rent_multiplier": 1.0, "cap_rate_shift": 0.005, "insurance_multiplier": 0.8, "value": 5103078.5699528735},
      {"rent_multiplier": 1.0, "cap_rate_shift": 0.005, "insurance_multiplier": 1.0, "value": 5087471.275882732},
      {"rent_multiplier": 1.0, "cap_rate_shift": 0.005, "insurance_multiplier": 1.2, "value": 5071863.981812591},
      {"rent_multiplier": 1.05, "cap_rate_shift": -0.005, "insurance_multiplier": 0.8, "value": 5862299.358585959},
      {"rent_multiplier": 1.05, "cap_rate_shift": -0.005, "insurance_multiplier": 1.0, "value": 5845403.118449139},
      {"rent_multiplier": 1.05, "cap_rate_shift": -0.005, "insurance_multiplier": 1.2, "value": 5828506.8783123195},
      {"rent_multiplier": 1.05, "cap_rate_shift": 0.0, "insurance_multiplier": 0.8, "value": 5624674.422725082},
      {"rent_multiplier": 1.05, "cap_rate_shift": 0.0, "insurance_multiplier": 1.0, "value": 5608472.23047032},
      {"rent_multiplier": 1.05, "cap_rate_shift": 0.0, "insurance_multiplier": 1.2, "value": 5592270.038215559},
      {"rent_multiplier": 1.05, "cap_rate_shift": 0.005, "insurance_multiplier": 0.8, "value": 5420995.906272901},
      {"rent_multiplier": 1.05, "cap_rate_shift": 0.005, "insurance_multiplier": 1.0, "value": 5405388.61220276},
      {"rent_multiplier": 1.05, "cap_rate_shift": 0.005, "insurance_multiplier": 1.2, "value": 5389781.31813262}
    ],
    "source_manifest": {
      "as_of": "2025-03",
      "sources": {
        "connector.place_context": "2025-01",
        "site.features": "2025-02",
        "ops.features": "2025-02"
      }
    }
  }
]
