amenities_15min_walk_count,avg_walk_time_to_top3_amenities,grocery_10min_drive_count,intersection_density,public_land_acres_30min,minutes_to_trailhead,msa_jobs_t12,msa_jobs_t36,slope_gt15_pct_within_10km,protected_land_within_10km_pct,permits_5plus_per_1k_hh_t12,broadband_gbps_flag
12,10,5,110,950,18,2.4,5.0,3.5,15,1.2,1
