property_id,place_id,latitude,longitude
s-1,p-1,39.7,-104.9
